<html>
<body>
<pre>
<h1>µVision Build Log</h1>
<h2>Project:</h2>
C:\Aryan\BTechCollege\GithubCodes\secondYearCodes\ES\Lab8\BCD7Segment\BCDSevenSeg.uvproj
Project File Date:  03/12/2025

<h2>Output:</h2>
Build target 'Target 1'
compiling BCD7Seg.c...
BCD7Seg.c(83): warning:  #1-D: last line of file ends without a newline
  }
BCD7Seg.c: 1 warning, 0 errors
linking...
Program Size: Code=1760 RO-data=248 RW-data=12 ZI-data=628  
".\BCDSevenSeg.axf" - 0 Error(s), 1 Warning(s).
</pre>
</body>
</html>
f" - 1 Error(s), 0 Warning(s).
Target not created
