<html>
<body>
<pre>
<h1>µVision Build Log</h1>
<h2>Project:</h2>
C:\Aryan\BTechCollege\GithubCodes\secondYearCodes\ES\Lab3\Adding128BitNumbers\Adding128BitNumbers.uvproj
Project File Date:  01/29/2025

<h2>Output:</h2>
Build target 'Target 1'
assembling adding129Numbers.asm...
adding129Numbers.asm(15): warning: A1865W: '#' not seen before constant expression
adding129Numbers.asm(35): warning: A1581W: Added 2 bytes of padding at address 0x2e
linking...
Program Size: Code=92 RO-data=8 RW-data=4 ZI-data=0  
".\Adding128BitNumbers.axf" - 0 Error(s), 2 Warning(s).
</pre>
</body>
</html>
