<html>
<body>
<pre>
<h1>µVision Build Log</h1>
<h2>Project:</h2>
C:\Aryan\BTechCollege\GithubCodes\secondYearCodes\ES\Lab2\TransferringOverlappingBlocks.uvproj
Project File Date:  01/29/2025

<h2>Output:</h2>
Build target 'Target 1'
assembling transferringFromOverlapping.asm...
transferringFromOverlapping.asm(15): warning: A1865W: '#' not seen before constant expression
transferringFromOverlapping.asm(25): warning: A1581W: Added 2 bytes of padding at address 0x16
linking...
Program Size: Code=32 RO-data=8 RW-data=4 ZI-data=0  
".\TransferringOverlappingBlocks.axf" - 0 Error(s), 2 Warning(s).
</pre>
</body>
</html>
