<html>
<body>
<pre>
<h1>µVision Build Log</h1>
<h2>Project:</h2>
C:\Users\aryan\Downloads\Lab5\RegistrySelectionSort\registrySelectionSort.uvproj
Project File Date:  02/05/2025

<h2>Output:</h2>
Build target 'Target 1'
assembling registrySelectionSort.asm...
linking...
Program Size: Code=100 RO-data=8 RW-data=0 ZI-data=0  
".\registrySelectionSort.axf" - 0 Error(s), 0 Warning(s).
</pre>
</body>
</html>

Target not created
 AREA
".\registrySelectionSort.axf" - 2 Error(s), 0 Warning(s).
Target not created
