<html>
<body>
<pre>
<h1>µVision Build Log</h1>
<h2>Project:</h2>
C:\Aryan\BTechCollege\GithubCodes\secondYearCodes\ES\Lab7\Up-DownCounter\upDownCounter.uvproj
Project File Date:  03/12/2025

<h2>Output:</h2>
Build target 'Target 1'
compiling upDownCounter.c...
upDownCounter.c(27): warning:  #1-D: last line of file ends without a newline
  }
upDownCounter.c: 1 warning, 0 errors
linking...
Program Size: Code=1520 RO-data=280 RW-data=12 ZI-data=612  
".\upDownCounter.axf" - 0 Error(s), 1 Warning(s).
</pre>
</body>
</html>
 0 Warning(s).
Target not created
