<html>
<body>
<pre>
<h1>µVision Build Log</h1>
<h2>Project:</h2>
C:\Aryan\BTechCollege\GithubCodes\secondYearCodes\ES\Lab7\LEDUpCounter\LEDUpCounter.uvproj
Project File Date:  03/12/2025

<h2>Output:</h2>
Build target 'Target 1'
compiling LEDUpCounter.c...
LEDUpCounter.c(25): warning:  #1-D: last line of file ends without a newline
  }
LEDUpCounter.c: 1 warning, 0 errors
linking...
Program Size: Code=1460 RO-data=236 RW-data=12 ZI-data=612  
".\LEDUpCounter.axf" - 0 Error(s), 1 Warning(s).
</pre>
</body>
</html>
ter.axf" - 0 Error(s), 1 Warning(s).
