ARM Linker, 5.03 [Build 76] [MDK-ARM Lite]

==============================================================================

Section Cross References

    hexatoascii.o(RESET) refers to hexatoascii.o(MyCode) for Reset_Handler
    hexatoascii.o(MyCode) refers to hexatoascii.o(data) for res


==============================================================================

Image Symbol Table

    Local Symbols

    Symbol Name                              Value     Ov Type        Size  Object(Section)

    RESET                                    0x00000000   Section        8  hexatoascii.o(RESET)
    hexaToASCII.asm                          0x00000000   Number         0  hexatoascii.o ABSOLUTE
    MyCode                                   0x00000008   Section       60  hexatoascii.o(MyCode)
    n                                        0x00000038   Data           4  hexatoascii.o(MyCode)
    data                                     0x10000000   Section        4  hexatoascii.o(data)
    res                                      0x10000000   Data           4  hexatoascii.o(data)

    Global Symbols

    Symbol Name                              Value     Ov Type        Size  Object(Section)

    BuildAttributes$$THM_ISAv4$P$D$K$B$S$PE$A:L22UL41UL21$X:L11$S22US41US21$IEEE1$IW$USESV6$~STKCKD$USESV7$~SHL$OSPACE$EBA8$STANDARDLIB$PRES8$EABIv2 0x00000000   Number         0  anon$$obj.o ABSOLUTE
    __Vectors                                0x00000000   Data           0  hexatoascii.o(RESET)
    Reset_Handler                            0x00000009   Thumb Code     0  hexatoascii.o(MyCode)



==============================================================================

Memory Map of the image

  Image Entry point : 0x00000009

  Load Region LR_1 (Base: 0x00000000, Size: 0x00000048, Max: 0xffffffff, ABSOLUTE)

    Execution Region ER_RO (Base: 0x00000000, Size: 0x00000044, Max: 0xffffffff, ABSOLUTE)

    Base Addr    Size         Type   Attr      Idx    E Section Name        Object

    0x00000000   0x00000008   Data   RO            1    RESET               hexatoascii.o
    0x00000008   0x0000003c   Code   RO            2  * MyCode              hexatoascii.o


    Execution Region ER_RW (Base: 0x10000000, Size: 0x00000004, Max: 0xffffffff, ABSOLUTE)

    Base Addr    Size         Type   Attr      Idx    E Section Name        Object

    0x10000000   0x00000004   Data   RW            3    data                hexatoascii.o


    Execution Region ER_ZI (Base: 0x10000004, Size: 0x00000000, Max: 0xffffffff, ABSOLUTE)

    **** No section assigned to this execution region ****


==============================================================================

Image component sizes


      Code (inc. data)   RO Data    RW Data    ZI Data      Debug   Object Name

        60         12          8          4          0        256   hexatoascii.o

    ----------------------------------------------------------------------
        60         12          8          4          0        256   Object Totals
         0          0          0          0          0          0   (incl. Generated)
         0          0          0          0          0          0   (incl. Padding)

    ----------------------------------------------------------------------
         0          0          0          0          0          0   Library Totals
         0          0          0          0          0          0   (incl. Padding)

    ----------------------------------------------------------------------

==============================================================================


      Code (inc. data)   RO Data    RW Data    ZI Data      Debug   

        60         12          8          4          0        256   Grand Totals
        60         12          8          4          0        256   ELF Image Totals
        60         12          8          4          0          0   ROM Totals

==============================================================================

    Total RO  Size (Code + RO Data)                   68 (   0.07kB)
    Total RW  Size (RW Data + ZI Data)                 4 (   0.00kB)
    Total ROM Size (Code + RO Data + RW Data)         72 (   0.07kB)

==============================================================================

