<html>
<body>
<pre>
<h1>µVision Build Log</h1>
<h2>Project:</h2>
C:\Users\aryan\Downloads\Lab3_ES\Lab3\multipleAdding\continuousAdding.uvproj
Project File Date:  01/29/2025

<h2>Output:</h2>
Build target 'Target 1'
assembling continuouslyAdding.asm...
linking...
Program Size: Code=64 RO-data=0 RW-data=0 ZI-data=0  
".\continuousAdding.axf" - 0 Error(s), 0 Warning(s).
Load "C:\\Users\\aryan\\Downloads\\Lab3_ES\\Lab3\\multipleAdding\\continuousAdding.axf" 
Internal DLL Error
Error: Flash Download failed  -  Target DLL has been cancelled
</pre>
</body>
</html>
S\Lab3\multipleAdding\continuousAdding.axf'. Debugger aborted !
