<html>
<body>
<pre>
<h1>µVision Build Log</h1>
<h2>Project:</h2>
C:\Users\aryan\Downloads\Lab5\SelectionSort\selectionSort.uvproj
Project File Date:  02/05/2025

<h2>Output:</h2>
Build target 'Target 1'
assembling selectionSort.asm...
linking...
Program Size: Code=144 RO-data=8 RW-data=40 ZI-data=0  
".\selectionSort.axf" - 0 Error(s), 0 Warning(s).
</pre>
</body>
</html>
age symbols.
Not enough information to list the image map.
Finished: 2 information, 0 warning and 1 error messages.
".\selectionSort.axf" - 1 Error(s), 0 Warning(s).
Target not created
Error: Could not load file 'C:\Users\aryan\Downloads\Lab5\SelectionSort\selectionSort.axf'. Debugger aborted !
