<html>
<body>
<pre>
<h1>µVision Build Log</h1>
<h2>Project:</h2>
C:\Aryan\BTechCollege\GithubCodes\secondYearCodes\ES\Lab7\RingCounter\RingCounter.uvproj
Project File Date:  03/12/2025

<h2>Output:</h2>
Build target 'Target 1'
assembling startup_LPC17xx.s...
compiling system_LPC17xx.c...
compiling ringCounter.c...
ringCounter.c(36): warning:  #1-D: last line of file ends without a newline
  }
ringCounter.c: 1 warning, 0 errors
linking...
Program Size: Code=1560 RO-data=240 RW-data=12 ZI-data=612  
".\RingCounter.axf" - 0 Error(s), 1 Warning(s).
</pre>
</body>
</html>
