<html>
<body>
<pre>
<h1>µVision Build Log</h1>
<h2>Project:</h2>
C:\Aryan\BTechCollege\GithubCodes\secondYearCodes\ES\Lab6\SwitchLED\switchLED.uvproj
Project File Date:  03/12/2025

<h2>Output:</h2>
Build target 'Target 1'
compiling switchLED.c...
switchLED.c(23): warning:  #1-D: last line of file ends without a newline
  }
switchLED.c: 1 warning, 0 errors
linking...
Program Size: Code=1444 RO-data=236 RW-data=4 ZI-data=612  
".\switchLED.axf" - 0 Error(s), 1 Warning(s).
</pre>
</body>
</html>
LED.axf" - 0 Error(s), 1 Warning(s).
