<html>
<body>
<pre>
<h1>µVision Build Log</h1>
<h2>Project:</h2>
C:\Users\aryan\Downloads\Lab3_ES\Lab3\Subtracting32BitNumbers\subtracting32BitNumbers.uvproj
Project File Date:  01/29/2025

<h2>Output:</h2>
Build target 'Target 1'
assembling Sub32Bits.asm...
Sub32Bits.asm(27): warning: A1313W: Missing END directive at end of file
Sub32Bits.asm(22): warning: A1581W: Added 2 bytes of padding at address 0x16
linking...
Program Size: Code=48 RO-data=8 RW-data=4 ZI-data=0  
".\subtracting32BitNumbers.axf" - 0 Error(s), 2 Warning(s).
</pre>
</body>
</html>
W-data=12 ZI-data=0  
Finished: 0 information, 1 warning and 0 error messages.
".\subtracting32BitNumbers.axf" - 0 Error(s), 3 Warning(s).
