ARM Linker, 5.03 [Build 76] [MDK-ARM Lite]

==============================================================================

Section Cross References

    factorialrecurssion.o(RESET) refers to factorialrecurssion.o(factorial) for Reset_Handler
    factorialrecurssion.o(factorial) refers to factorialrecurssion.o(data1) for res


==============================================================================

Image Symbol Table

    Local Symbols

    Symbol Name                              Value     Ov Type        Size  Object(Section)

    RESET                                    0x00000000   Section        8  factorialrecurssion.o(RESET)
    factorialRecurssion.asm                  0x00000000   Number         0  factorialrecurssion.o ABSOLUTE
    factorial                                0x00000008   Section       60  factorialrecurssion.o(factorial)
    n                                        0x00000038   Data           4  factorialrecurssion.o(factorial)
    data1                                    0x10000000   Section        4  factorialrecurssion.o(data1)
    res                                      0x10000000   Data           4  factorialrecurssion.o(data1)

    Global Symbols

    Symbol Name                              Value     Ov Type        Size  Object(Section)

    BuildAttributes$$THM_ISAv4$P$D$K$B$S$PE$A:L22UL41UL21$X:L11$S22US41US21$IEEE1$IW$USESV6$~STKCKD$USESV7$~SHL$OSPACE$EBA8$STANDARDLIB$PRES8$EABIv2 0x00000000   Number         0  anon$$obj.o ABSOLUTE
    __Vectors                                0x00000000   Data           0  factorialrecurssion.o(RESET)
    Reset_Handler                            0x00000009   Thumb Code     0  factorialrecurssion.o(factorial)



==============================================================================

Memory Map of the image

  Image Entry point : 0x00000009

  Load Region LR_1 (Base: 0x00000000, Size: 0x00000048, Max: 0xffffffff, ABSOLUTE)

    Execution Region ER_RO (Base: 0x00000000, Size: 0x00000044, Max: 0xffffffff, ABSOLUTE)

    Base Addr    Size         Type   Attr      Idx    E Section Name        Object

    0x00000000   0x00000008   Data   RO            1    RESET               factorialrecurssion.o
    0x00000008   0x0000003c   Code   RO            2  * factorial           factorialrecurssion.o


    Execution Region ER_RW (Base: 0x10000000, Size: 0x00000004, Max: 0xffffffff, ABSOLUTE)

    Base Addr    Size         Type   Attr      Idx    E Section Name        Object

    0x10000000   0x00000004   Data   RW            3    data1               factorialrecurssion.o


    Execution Region ER_ZI (Base: 0x10000004, Size: 0x00000000, Max: 0xffffffff, ABSOLUTE)

    **** No section assigned to this execution region ****


==============================================================================

Image component sizes


      Code (inc. data)   RO Data    RW Data    ZI Data      Debug   Object Name

        60         12          8          4          0        252   factorialrecurssion.o

    ----------------------------------------------------------------------
        60         12          8          4          0        252   Object Totals
         0          0          0          0          0          0   (incl. Generated)
         0          0          0          0          0          0   (incl. Padding)

    ----------------------------------------------------------------------
         0          0          0          0          0          0   Library Totals
         0          0          0          0          0          0   (incl. Padding)

    ----------------------------------------------------------------------

==============================================================================


      Code (inc. data)   RO Data    RW Data    ZI Data      Debug   

        60         12          8          4          0        252   Grand Totals
        60         12          8          4          0        252   ELF Image Totals
        60         12          8          4          0          0   ROM Totals

==============================================================================

    Total RO  Size (Code + RO Data)                   68 (   0.07kB)
    Total RW  Size (RW Data + ZI Data)                 4 (   0.00kB)
    Total ROM Size (Code + RO Data + RW Data)         72 (   0.07kB)

==============================================================================

