<html>
<body>
<pre>
<h1>µVision Build Log</h1>
<h2>Project:</h2>
C:\Aryan\BTechCollege\GithubCodes\secondYearCodes\ES\Lab2\TransferingBlockOfCode.uvproj
Project File Date:  01/29/2025

<h2>Output:</h2>
Build target 'Target 1'
linking...
Program Size: Code=72 RO-data=8 RW-data=4 ZI-data=0  
".\TransferingBlockOfCode.axf" - 0 Error(s), 0 Warning(s).
</pre>
</body>
</html>
omNonOverlapping.asm...
transferringFromNonOverlapping.asm(22): warning: A1581W: Added 2 bytes of padding at address 0x16
"transferringFromNonOverlapping.asm" - 0 Error(s), 1 Warning(s).
