<html>
<body>
<pre>
<h1>µVision Build Log</h1>
<h2>Project:</h2>
C:\Users\aryan\Downloads\Lab3_ES\Lab3\sumOfNNumbers\sumOfNNumbers.uvproj
Project File Date:  01/29/2025

<h2>Output:</h2>
Build target 'Target 1'
assembling sumUsingMLA.asm...
sumUsingMLA.asm(32): warning: A1313W: Missing END directive at end of file
linking...
Program Size: Code=48 RO-data=8 RW-data=4 ZI-data=0  
".\sumOfNNumbers.axf" - 0 Error(s), 1 Warning(s).
</pre>
</body>
</html>
et not created
Error: Could not load file 'C:\Users\aryan\Downloads\Lab3_ES\Lab3\sumOfNNumbers\sumOfNNumbers.axf'. Debugger aborted !
