<html>
<body>
<pre>
<h1>µVision Build Log</h1>
<h2>Project:</h2>
C:\Users\aryan\Downloads\Lab4_ES\Lab4\ASCIIToHexa\asciiToHexa.uvproj
Project File Date:  02/05/2025

<h2>Output:</h2>
Build target 'Target 1'
assembling asciiToHexaasm.asm...
asciiToHexaasm.asm(28): warning: A1581W: Added 2 bytes of padding at address 0x32
linking...
Program Size: Code=60 RO-data=0 RW-data=4 ZI-data=0  
".\asciiToHexa.axf" - 0 Error(s), 1 Warning(s).
</pre>
</body>
</html>
ot created
Error: Could not load file 'C:\Users\aryan\Downloads\Lab4_ES\Lab4\ASCIIToHexa\asciiToHexa.axf'. Debugger aborted !
