


ARM Macro Assembler    Page 1 


    1 00000000                 AREA             RESET, DATA, READONLY
    2 00000000                 EXPORT           __Vectors
    3 00000000         
    4 00000000         __Vectors
    5 00000000 10001000        DCD              0x10001000
    6 00000004 00000000        DCD              Reset_Handler
    7 00000008                 ALIGN
    8 00000008                 AREA             MyCode, CODE, READONLY
    9 00000000                 ENTRY
   10 00000000                 EXPORT           Reset_Handler
   11 00000000         
   12 00000000         Reset_Handler
   13 00000000 4810            LDR              R0, =Src0
   14 00000002 F04F 0100       MOV              R1, #0
   15 00000006 F04F 020A       MOV              R2, #10
   16 0000000A         Up1
   17 0000000A F850 3B04       LDR              R3, [R0], #4
   18 0000000E 4419            ADD              R1, R1, R3
   19 00000010 1E52            SUBS             R2, R2, #1
   20 00000012 D1FA            BNE              Up1
   21 00000014 480C            LDR              R0, =res
   22 00000016 6001            STR              R1, [R0]
   23 00000018         STOP
   24 00000018 E7FE            B                STOP
   25 0000001A 00 00 00000001 
              00000002 
              00000003 
              00000004 
              00000005 
              00000006 
              00000007 
              00000008 
              00000009 
              0000000A Src0    DCD              1,2,3,4,5,6,7,8,9,10
   26 00000044 00000000 
              00000000         AREA             DATASEG, DATA, READWRITE
   27 00000000 00000000 
                       res     DCD              0
   28 00000004                 END
Command Line: --debug --xref --cpu=Cortex-M3 --apcs=interwork --depend=.\sumofa
rrayelements.d -o.\sumofarrayelements.o -IC:\Keil\ARM\RV31\INC -IC:\Keil\ARM\CM
SIS\Include -IC:\Keil\ARM\Inc\NXP\LPC17xx --predefine="__EVAL SETA 1" --list=.\
sumofarrayelements.lst sumOfArrayElements.asm



ARM Macro Assembler    Page 1 Alphabetic symbol ordering
Relocatable symbols

RESET 00000000

Symbol: RESET
   Definitions
      At line 1 in file sumOfArrayElements.asm
   Uses
      None
Comment: RESET unused
__Vectors 00000000

Symbol: __Vectors
   Definitions
      At line 4 in file sumOfArrayElements.asm
   Uses
      At line 2 in file sumOfArrayElements.asm
Comment: __Vectors used once
2 symbols



ARM Macro Assembler    Page 1 Alphabetic symbol ordering
Relocatable symbols

MyCode 00000000

Symbol: MyCode
   Definitions
      At line 8 in file sumOfArrayElements.asm
   Uses
      None
Comment: MyCode unused
Reset_Handler 00000000

Symbol: Reset_Handler
   Definitions
      At line 12 in file sumOfArrayElements.asm
   Uses
      At line 6 in file sumOfArrayElements.asm
      At line 10 in file sumOfArrayElements.asm

STOP 00000018

Symbol: STOP
   Definitions
      At line 23 in file sumOfArrayElements.asm
   Uses
      At line 24 in file sumOfArrayElements.asm
Comment: STOP used once
Src0 0000001C

Symbol: Src0
   Definitions
      At line 25 in file sumOfArrayElements.asm
   Uses
      At line 13 in file sumOfArrayElements.asm
Comment: Src0 used once
Up1 0000000A

Symbol: Up1
   Definitions
      At line 16 in file sumOfArrayElements.asm
   Uses
      At line 20 in file sumOfArrayElements.asm
Comment: Up1 used once
5 symbols



ARM Macro Assembler    Page 1 Alphabetic symbol ordering
Relocatable symbols

DATASEG 00000000

Symbol: DATASEG
   Definitions
      At line 26 in file sumOfArrayElements.asm
   Uses
      None
Comment: DATASEG unused
res 00000000

Symbol: res
   Definitions
      At line 27 in file sumOfArrayElements.asm
   Uses
      At line 21 in file sumOfArrayElements.asm
Comment: res used once
2 symbols
342 symbols in table
