<html>
<body>
<pre>
<h1>µVision Build Log</h1>
<h2>Project:</h2>
C:\Aryan\BTechCollege\GithubCodes\secondYearCodes\ES\Lab3\SumOfAllElementsInArray\sumOfAllElementsInArray.uvproj
Project File Date:  01/29/2025

<h2>Output:</h2>
Build target 'Target 1'
assembling sumOfArrayElements.asm...
sumOfArrayElements.asm(25): warning: A1581W: Added 2 bytes of padding at address 0x1a
linking...
Program Size: Code=76 RO-data=8 RW-data=4 ZI-data=0  
".\sumOfAllElementsInArray.axf" - 0 Error(s), 1 Warning(s).
</pre>
</body>
</html>
 at address 0x22
linking...
Program Size: Code=84 RO-data=8 RW-data=4 ZI-data=0  
".\sumOfAllElementsInArray.axf" - 0 Error(s), 3 Warning(s).
s), 3 Warning(s).
Target not created
