ARM Linker, 5.03 [Build 76] [MDK-ARM Lite]

==============================================================================

Section Cross References

    linearsearch.o(RESET) refers to linearsearch.o(linearsearch) for Reset_Handler
    linearsearch.o(linearsearch) refers to linearsearch.o(data1) for res


==============================================================================

Image Symbol Table

    Local Symbols

    Symbol Name                              Value     Ov Type        Size  Object(Section)

    RESET                                    0x00000000   Section        8  linearsearch.o(RESET)
    linearSearch.asm                         0x00000000   Number         0  linearsearch.o ABSOLUTE
    linearsearch                             0x00000008   Section      112  linearsearch.o(linearsearch)
    array                                    0x0000003c   Data          40  linearsearch.o(linearsearch)
    key                                      0x00000064   Data           4  linearsearch.o(linearsearch)
    data1                                    0x10000000   Section        8  linearsearch.o(data1)
    res                                      0x10000000   Data           4  linearsearch.o(data1)
    pos                                      0x10000004   Data           4  linearsearch.o(data1)

    Global Symbols

    Symbol Name                              Value     Ov Type        Size  Object(Section)

    BuildAttributes$$THM_ISAv4$P$D$K$B$S$PE$A:L22UL41UL21$X:L11$S22US41US21$IEEE1$IW$USESV6$~STKCKD$USESV7$~SHL$OSPACE$EBA8$STANDARDLIB$PRES8$EABIv2 0x00000000   Number         0  anon$$obj.o ABSOLUTE
    __Vectors                                0x00000000   Data           0  linearsearch.o(RESET)
    Reset_Handler                            0x00000009   Thumb Code     0  linearsearch.o(linearsearch)



==============================================================================

Memory Map of the image

  Image Entry point : 0x00000009

  Load Region LR_1 (Base: 0x00000000, Size: 0x00000080, Max: 0xffffffff, ABSOLUTE)

    Execution Region ER_RO (Base: 0x00000000, Size: 0x00000078, Max: 0xffffffff, ABSOLUTE)

    Base Addr    Size         Type   Attr      Idx    E Section Name        Object

    0x00000000   0x00000008   Data   RO            1    RESET               linearsearch.o
    0x00000008   0x00000070   Code   RO            2  * linearsearch        linearsearch.o


    Execution Region ER_RW (Base: 0x10000000, Size: 0x00000008, Max: 0xffffffff, ABSOLUTE)

    Base Addr    Size         Type   Attr      Idx    E Section Name        Object

    0x10000000   0x00000008   Data   RW            3    data1               linearsearch.o


    Execution Region ER_ZI (Base: 0x10000008, Size: 0x00000000, Max: 0xffffffff, ABSOLUTE)

    **** No section assigned to this execution region ****


==============================================================================

Image component sizes


      Code (inc. data)   RO Data    RW Data    ZI Data      Debug   Object Name

       112         60          8          8          0        236   linearsearch.o

    ----------------------------------------------------------------------
       112         60          8          8          0        236   Object Totals
         0          0          0          0          0          0   (incl. Generated)
         0          0          0          0          0          0   (incl. Padding)

    ----------------------------------------------------------------------
         0          0          0          0          0          0   Library Totals
         0          0          0          0          0          0   (incl. Padding)

    ----------------------------------------------------------------------

==============================================================================


      Code (inc. data)   RO Data    RW Data    ZI Data      Debug   

       112         60          8          8          0        236   Grand Totals
       112         60          8          8          0        236   ELF Image Totals
       112         60          8          8          0          0   ROM Totals

==============================================================================

    Total RO  Size (Code + RO Data)                  120 (   0.12kB)
    Total RW  Size (RW Data + ZI Data)                 8 (   0.01kB)
    Total ROM Size (Code + RO Data + RW Data)        128 (   0.13kB)

==============================================================================

