<html>
<body>
<pre>
<h1>µVision Build Log</h1>
<h2>Project:</h2>
C:\Users\aryan\Downloads\Lab3_ES\Lab3\LCM\LCM.uvproj
Project File Date:  01/29/2025

<h2>Output:</h2>
Build target 'Target 1'
assembling lcm.asm...
lcm.asm(35): warning: A1313W: Missing END directive at end of file
linking...
Program Size: Code=72 RO-data=8 RW-data=0 ZI-data=0  
".\LCM.axf" - 0 Error(s), 1 Warning(s).
</pre>
</body>
</html>
ed
ror: A1137E: Unexpected characters at end of line
lcm.asm(7): error: A1137E: Unexpected characters at end of line
lcm.asm(9): error: A1167E: Invalid line start 
lcm.asm(10): error: A1105E: Area directive missing
lcm.asm(10): warning: A1088W: Faking declaration of area AREA |$$$$$$$|
lcm.asm(17): error: A1167E: Invalid line start 
lcm.asm(27): error: A1167E: Invalid line start 
lcm.asm(31): error: A1167E: Invalid line start 
lcm.asm(33): warning: A1447W: Missing END directive at end of file, but found a label named END
".\LCM.axf" - 11 Error(s), 2 Warning(s).
Target not created
