<html>
<body>
<pre>
<h1>µVision Build Log</h1>
<h2>Project:</h2>
C:\Aryan\BTechCollege\GithubCodes\secondYearCodes\ES\Lab4\HexaToBCD\hexaToBCD.uvproj
Project File Date:  02/05/2025

<h2>Output:</h2>
Build target 'Target 1'
assembling hexaToBCD.asm...
hexaToBCD.asm(45): warning: A1581W: Added 1 bytes of padding at address 0x3b
linking...
Program Size: Code=68 RO-data=8 RW-data=4 ZI-data=0  
".\hexaToBCD.axf" - 0 Error(s), 1 Warning(s).
</pre>
</body>
</html>
ated
Error: Could not load file 'C:\Aryan\BTechCollege\GithubCodes\secondYearCodes\ES\Lab4\HexaToBCD\hexaToBCD.axf'. Debugger aborted !
